d:\software_projects\audiomixercpp\x64\release\audiomixercpp.ipdb
d:\software_projects\audiomixercpp\x64\release\audiomixercpp.iobj
d:\software_projects\audiomixercpp\audiomixercpp\x64\release\audiomixercpp.pch
d:\software_projects\audiomixercpp\audiomixercpp\x64\release\vc141.pdb
d:\software_projects\audiomixercpp\audiomixercpp\x64\release\stdafx.obj
d:\software_projects\audiomixercpp\audiomixercpp\x64\release\wavfileinfo.obj
d:\software_projects\audiomixercpp\audiomixercpp\x64\release\wavfile.obj
d:\software_projects\audiomixercpp\audiomixercpp\x64\release\utilfunctions.obj
d:\software_projects\audiomixercpp\audiomixercpp\x64\release\stringutils.obj
d:\software_projects\audiomixercpp\audiomixercpp\x64\release\eoutils.obj
d:\software_projects\audiomixercpp\audiomixercpp\x64\release\audiofiletools.obj
d:\software_projects\audiomixercpp\audiomixercpp\x64\release\audiofileresulttype.obj
d:\software_projects\audiomixercpp\audiomixercpp\x64\release\audiofileinfo.obj
d:\software_projects\audiomixercpp\audiomixercpp\x64\release\audiofile.obj
d:\software_projects\audiomixercpp\audiomixercpp\x64\release\guitools.obj
d:\software_projects\audiomixercpp\audiomixercpp\x64\release\ccustomeditlistbox.obj
d:\software_projects\audiomixercpp\audiomixercpp\x64\release\audiomixercppdlg.obj
d:\software_projects\audiomixercpp\audiomixercpp\x64\release\audiomixercpp.obj
d:\software_projects\audiomixercpp\x64\release\audiomixercpp.exe
d:\software_projects\audiomixercpp\x64\release\audiomixercpp.pdb
d:\software_projects\audiomixercpp\audiomixercpp\x64\release\audiomixercpp.res
d:\software_projects\audiomixercpp\audiomixercpp\x64\release\audiomixercpp.tlog\audiomixercpp.write.1u.tlog
d:\software_projects\audiomixercpp\audiomixercpp\x64\release\audiomixercpp.tlog\cl.command.1.tlog
d:\software_projects\audiomixercpp\audiomixercpp\x64\release\audiomixercpp.tlog\cl.read.1.tlog
d:\software_projects\audiomixercpp\audiomixercpp\x64\release\audiomixercpp.tlog\cl.write.1.tlog
d:\software_projects\audiomixercpp\audiomixercpp\x64\release\audiomixercpp.tlog\link.command.1.tlog
d:\software_projects\audiomixercpp\audiomixercpp\x64\release\audiomixercpp.tlog\link.read.1.tlog
d:\software_projects\audiomixercpp\audiomixercpp\x64\release\audiomixercpp.tlog\link.write.1.tlog
d:\software_projects\audiomixercpp\audiomixercpp\x64\release\audiomixercpp.tlog\rc.command.1.tlog
d:\software_projects\audiomixercpp\audiomixercpp\x64\release\audiomixercpp.tlog\rc.read.1.tlog
d:\software_projects\audiomixercpp\audiomixercpp\x64\release\audiomixercpp.tlog\rc.write.1.tlog
